Traceback (most recent call last):
  File "<string>", line 10, in <module>
    res = QuestionGenerator.generate_batch('Arrays', 1, 1)
  File "D:\skillatics-io-main\skillatics-io-main\backend\services\ai_generator.py", line 107, in generate_batch
    raise last_error
  File "D:\skillatics-io-main\skillatics-io-main\backend\services\ai_generator.py", line 72, in generate_batch
    response = model.generate_content(prompt)
  File "D:\skillatics-io-main\skillatics-io-main\backend\venv\Lib\site-packages\google\generativeai\generative_models.py", line 331, in generate_content
    response = self._client.generate_content(
        request,
        **request_options,
    )
  File "D:\skillatics-io-main\skillatics-io-main\backend\venv\Lib\site-packages\google\ai\generativelanguage_v1beta\services\generative_service\client.py", line 835, in generate_content
    response = rpc(
        request,
    ...<2 lines>...
        metadata=metadata,
    )
  File "D:\skillatics-io-main\skillatics-io-main\backend\venv\Lib\site-packages\google\api_core\gapic_v1\method.py", line 131, in __call__
    return wrapped_func(*args, **kwargs)
  File "D:\skillatics-io-main\skillatics-io-main\backend\venv\Lib\site-packages\google\api_core\retry\retry_unary.py", line 294, in retry_wrapped_func
    return retry_target(
        target,
    ...<3 lines>...
        on_error=on_error,
    )
  File "D:\skillatics-io-main\skillatics-io-main\backend\venv\Lib\site-packages\google\api_core\retry\retry_unary.py", line 156, in retry_target
    next_sleep = _retry_error_helper(
        exc,
    ...<6 lines>...
        timeout,
    )
  File "D:\skillatics-io-main\skillatics-io-main\backend\venv\Lib\site-packages\google\api_core\retry\retry_base.py", line 214, in _retry_error_helper
    raise final_exc from source_exc
  File "D:\skillatics-io-main\skillatics-io-main\backend\venv\Lib\site-packages\google\api_core\retry\retry_unary.py", line 147, in retry_target
    result = target()
  File "D:\skillatics-io-main\skillatics-io-main\backend\venv\Lib\site-packages\google\api_core\timeout.py", line 130, in func_with_timeout
    return func(*args, **kwargs)
  File "D:\skillatics-io-main\skillatics-io-main\backend\venv\Lib\site-packages\google\api_core\grpc_helpers.py", line 77, in error_remapped_callable
    raise exceptions.from_grpc_error(exc) from exc
google.api_core.exceptions.NotFound: 404 models/gemini-1.5-pro is not found for API version v1beta, or is not supported for generateContent. Call ListModels to see the list of available models and their supported methods.
